[index-2.html]
[backblue.gif]
[fade.gif]
[index.html]
[wp-includes/css/dist/block-library/style.minc8d8.css]
[wp-content/themes/kalium/assets/css/bootstrap.minf66a.css]
[wp-content/themes/kalium/assets/css/base.minf66a.css]
[feed/index.html]
[wp-content/themes/kalium/assets/css/new/style.minf66a.css]
[wp-content/themes/kalium/assets/css/other.minf66a.css]
[wp-content/themes/kalium/assets/css/portfolio.minf66a.css]
[wp-content/themes/kalium/stylef66a.css]
[comments/feed/index.html]
[wp-content/themes/kalium-child-freelancer/custom-skinc08a.css]
[wp-content/themes/kalium-child-freelancer/stylec8d8.css]
[wp-includes/js/jquery/jquery.minaf6c.js]
[wp-includes/js/jquery/jquery-migrate.mind617.js]
[portfolio/feed/index.html]
[wp-json/wp/v2/pages/3283.json]
[wp-json/index.html]
[xmlrpc0db0.php]
[wp-includes/wlwmanifest.xml]
[wp-json/oembed/1.0/embed35b2.json]
[wp-json/oembed/1.0/embed1f38]
[wp-content/uploads/2017/01/favicon.png]
[wp-content/themes/kalium/assets/vendors/font-awesome/css/all.minf66a.css]
[wp-content/plugins/revslider/public/assets/css/rs6097f.css]
[about-me/index.html]
[wp-content/plugins/revslider/public/assets/js/rbtools.min097f.js]
[wp-content/plugins/revslider/public/assets/js/rs6.min097f.js]
[wp-content/themes/kalium/assets/vendors/gsap/gsap.minf66a.js]
[wp-content/themes/kalium/assets/vendors/gsap/ScrollToPlugin.minf66a.js]
[wp-content/themes/kalium/assets/vendors/scrollmagic/ScrollMagic.minf66a.js]
[contact/index.html]
[wp-content/themes/kalium/assets/vendors/scrollmagic/plugins/animation.gsap.minf66a.js]
[wp-content/themes/kalium/assets/vendors/metafizzy/isotope.pkgd.minf66a.js]
[wp-content/themes/kalium/assets/vendors/metafizzy/packery-mode.pkgd.minf66a.js]
[index-2.html]
[wp-content/themes/kalium/assets/js/main.minf66a.js]
[portfolio/web-music-player-ts/index.html]
[portfolio-category/web/index.html]
[index-3.html]
[portfolio/meal-finder-ts/index.html]
[wp-includes/css/dist/block-library/style.minc8d8.css]
[wp-content/themes/kalium/assets/css/bootstrap.minf66a.css]
[portfolio/javascript-dom-array-methods/index.html]
[portfolio/infinite-scroll-blog-ts/index.html]
[portfolio/hangman-game-ts/index.html]
[portfolio/expense-tracker-ts/index.html]
[wp-content/themes/kalium/assets/images/icons/eye.gif]
[wp-content/themes/kalium/assets/images/icons/lg-preloader-dark.gif]
[portfolio/exchange-rate-calculator-ts/index.html]
[wp-content/themes/kalium/assets/images/icons/lg-preloader.gif]
[wp-content/themes/kalium/assets/css/base.minf66a.css]
[portfolio/custom-video-player-ts/index.html]
[wp-content/themes/kalium/assets/css/new/style.minf66a.css]
[portfolio/movie-seat-booking-js/index.html]
[portfolio/form-validator-js/index.html]
[wp-content/themes/kalium/assets/images/icons/lightgallery-icons/vimeo-play@2x.png]
[wp-content/themes/kalium/assets/images/icons/lightgallery-icons/youtube-play@2x.png]
[wp-content/themes/kalium/assets/images/icons/divider-3.png]
[wp-content/themes/kalium/assets/images/icons/divider-2.png]
[wp-content/themes/kalium/assets/images/icons/divider-1.png]
[wp-content/themes/kalium/assets/css/fonts/linea-iconfont/fonts/linea.eot]
[wp-content/themes/kalium/assets/css/fonts/linea-iconfont/fonts/linead41d.eot]
[wp-content/themes/kalium/assets/css/fonts/linea-iconfont/fonts/linea.woff]
[wp-content/themes/kalium/assets/css/fonts/linea-iconfont/fonts/linea.ttf]
[wp-content/themes/kalium/assets/css/fonts/flaticons-custom/flaticon.eot]
[wp-content/themes/kalium/assets/css/fonts/flaticons-custom/flaticon.woff]
[wp-content/themes/kalium/assets/css/fonts/flaticons-custom/flaticon.ttf]
[wp-content/themes/kalium/assets/css/other.minf66a.css]
[wp-content/themes/kalium/assets/images/icons/open-lightbox-icon.png]
[wp-content/themes/kalium/assets/css/portfolio.minf66a.css]
[wp-content/themes/kalium/stylef66a.css]
[wp-content/themes/kalium-child-freelancer/custom-skinc08a.css]
[wp-content/themes/kalium-child-freelancer/stylec8d8.css]
[wp-includes/js/jquery/jquery.minaf6c.js]
[wp-includes/js/jquery/jquery-migrate.mind617.js]
[wp-content/plugins/js_composer/assets/css/js_composer.min8e94.css]
[wp-json/oembed/1.0/embed9708.json]
[wp-json/oembed/1.0/embed6b82]
[wp-content/uploads/2017/01/portrait3.jpg]
[wp-content/plugins/js_composer/assets/lib/bower/animate-css/animate.min8e94.css]
[wp-content/plugins/js_composer/assets/js/dist/js_composer_front.min8e94.js]
[about-me/index.html]
[wp-content/plugins/js_composer/assets/lib/vc_waypoints/vc-waypoints.min8e94.js]
[wp-json/wp/v2/pages/2310.json]
[contact/feed/index.html]
[wp-json/oembed/1.0/embed4dfa.json]
[wp-json/oembed/1.0/embed3948]
[wp-content/uploads/2017/01/landscape7.jpg]
[contact/index.html]
[portfolio-category/web/index.html]
[wp-json/wp/v2/portfolio_category/32.json]
[portfolio-category/web/feed/index.html]
[wp-content/themes/kalium/assets/vendors/fluidbox/css/fluidbox.minf66a.css]
[portfolio/index.html]
[portfolio/web-music-player-ts/feed/index.html]
[wp-json/wp/v2/portfolio/3628.json]
[wp-json/oembed/1.0/embedbb91.json]
[wp-json/oembed/1.0/embed5eb4]
[wp-content/themes/kalium/assets/vendors/nivo-lightbox/nivo-lightbox.minf66a.css]
[wp-content/themes/kalium/assets/vendors/nivo-lightbox/themes/default/defaultf66a.css]
[wp-content/themes/kalium/assets/vendors/jquery-libs/jquery.ba-throttle-debouncef66a.js]
[wp-content/themes/kalium/assets/vendors/fluidbox/jquery.fluidbox.minf66a.js]
[wp-includes/js/comment-reply.minc8d8.js]
[portfolio/web-music-player-ts/index.html]
[wp-content/themes/kalium/assets/vendors/nivo-lightbox/nivo-lightbox.minf66a.js]
[wp-content/uploads/2017/01/portrait4.jpg]
[portfolio/meal-finder-ts/feed/index.html]
[wp-json/wp/v2/portfolio/3626.json]
[wp-json/oembed/1.0/embedcdf5.json]
[portfolio/meal-finder-ts/index.html]
[wp-json/oembed/1.0/embed1335]
[wp-content/uploads/2017/01/portrait5.jpg]
[portfolio/javascript-dom-array-methods/feed/index.html]
[wp-json/wp/v2/portfolio/3624.json]
[wp-json/oembed/1.0/embed106f.json]
[portfolio/javascript-dom-array-methods/index.html]
[wp-json/oembed/1.0/embed7e3f]
[wp-content/uploads/2017/01/portrait6.jpg]
[portfolio/infinite-scroll-blog-ts/feed/index.html]
[wp-json/wp/v2/portfolio/3622.json]
[wp-json/oembed/1.0/embed1d1c.json]
[portfolio/infinite-scroll-blog-ts/index.html]
[wp-json/oembed/1.0/embed5f2a]
[wp-content/uploads/2017/01/landscape6.jpg]
[portfolio/hangman-game-ts/feed/index.html]
[wp-json/wp/v2/portfolio/3620.json]
[wp-json/oembed/1.0/embedf2d6.json]
[portfolio/hangman-game-ts/index.html]
[wp-json/oembed/1.0/embedacbc]
[wp-content/uploads/2017/01/landscape1.jpg]
[portfolio/expense-tracker-ts/feed/index.html]
[wp-json/wp/v2/portfolio/3618.json]
[wp-json/oembed/1.0/embed3260.json]
[portfolio/expense-tracker-ts/index.html]
[wp-json/oembed/1.0/embedf434]
[wp-content/uploads/2017/01/landscape4.jpg]
[portfolio/exchange-rate-calculator-ts/feed/index.html]
[wp-json/wp/v2/portfolio/3616.json]
[wp-json/oembed/1.0/embede712.json]
[portfolio/exchange-rate-calculator-ts/index.html]
[wp-json/oembed/1.0/embed50c0]
[wp-content/uploads/2017/01/landscape5.jpg]
[portfolio/custom-video-player-ts/feed/index.html]
[wp-json/wp/v2/portfolio/3614.json]
[wp-json/oembed/1.0/embed5322.json]
[portfolio/custom-video-player-ts/index.html]
[wp-json/oembed/1.0/embed7aaf]
[wp-json/wp/v2/portfolio/3612.json]
[portfolio/movie-seat-booking-js/feed/index.html]
[wp-json/oembed/1.0/embedb0ef.json]
[portfolio/movie-seat-booking-js/index.html]
[wp-json/oembed/1.0/embedaf16]
[wp-content/uploads/2017/01/landscape2.jpg]
[portfolio/form-validator-js/feed/index.html]
[wp-json/wp/v2/portfolio/3610.json]
[wp-json/oembed/1.0/embed8203.json]
[portfolio/form-validator-js/index.html]
[wp-json/oembed/1.0/embed5d75]
[wp-content/themes/kalium/assets/vendors/font-awesome/webfonts/fa-brands-400.eot]
[wp-content/themes/kalium/assets/vendors/font-awesome/webfonts/fa-brands-400d41d.eot]
[wp-content/themes/kalium/assets/vendors/font-awesome/webfonts/fa-brands-400.woff2]
[wp-content/themes/kalium/assets/vendors/font-awesome/webfonts/fa-brands-400.woff]
[wp-content/themes/kalium/assets/vendors/font-awesome/webfonts/fa-brands-400.ttf]
[wp-content/themes/kalium/assets/vendors/font-awesome/webfonts/fa-regular-400.eot]
[wp-content/themes/kalium/assets/vendors/font-awesome/webfonts/fa-regular-400d41d.eot]
[wp-content/themes/kalium/assets/vendors/font-awesome/webfonts/fa-regular-400.woff2]
[wp-content/themes/kalium/assets/vendors/font-awesome/webfonts/fa-regular-400.woff]
[wp-content/themes/kalium/assets/vendors/font-awesome/webfonts/fa-regular-400.ttf]
[wp-content/themes/kalium/assets/vendors/font-awesome/webfonts/fa-solid-900.eot]
[wp-content/themes/kalium/assets/vendors/font-awesome/webfonts/fa-solid-900.woff2]
[wp-content/themes/kalium/assets/vendors/font-awesome/webfonts/fa-solid-900.woff]
[wp-content/themes/kalium/assets/vendors/font-awesome/webfonts/fa-solid-900.ttf]
[wp-content/themes/kalium/assets/vendors/font-awesome/css/all.minf66a.css]
[wp-content/plugins/revslider/public/assets/fonts/revicons/revicons90c6.eot]
[wp-content/plugins/revslider/public/assets/fonts/revicons/revicons90c6.ttf]
[wp-content/plugins/revslider/public/assets/css/openhand.cur]
[wp-content/plugins/revslider/public/assets/assets/gridtile.png]
[wp-content/plugins/revslider/public/assets/assets/gridtile_white.png]
[wp-content/plugins/revslider/public/assets/assets/gridtile_3x3.png]
[wp-content/plugins/revslider/public/assets/assets/gridtile_3x3_white.png]
[wp-content/plugins/revslider/public/assets/assets/coloredbg.png]
[wp-content/plugins/revslider/public/assets/assets/loader.gif]
[wp-content/plugins/revslider/public/assets/css/rs6097f.css]
[wp-content/plugins/revslider/public/assets/js/rbtools.min097f.js]
[dummy.png]
[wp-content/plugins/revslider/public/assets/js/rs6.min097f.js]
[wp-content/themes/kalium/assets/vendors/gsap/gsap.minf66a.js]
[wp-content/themes/kalium/assets/vendors/gsap/ScrollToPlugin.minf66a.js]
[wp-content/themes/kalium/assets/vendors/scrollmagic/ScrollMagic.minf66a.js]
[api/player.js]
[wp-content/themes/kalium/assets/vendors/scrollmagic/plugins/animation.gsap.minf66a.js]
[wp-content/themes/kalium/assets/vendors/metafizzy/isotope.pkgd.minf66a.js]
[wp-content/themes/kalium/assets/vendors/metafizzy/packery-mode.pkgd.minf66a.js]
[wp-content/themes/kalium/assets/js/main.minf66a.js]
[wp-content/themes/kalium/assets/images/icons/icon-menu-close.svg]
[wp-content/themes/kalium/assets/images/icons/image-comparison-slider-arrows.svg]
[wp-content/themes/kalium/assets/css/fonts/linea-iconfont/fonts/linea.svg]
[wp-content/themes/kalium/assets/css/fonts/flaticons-custom/flaticon.svg]
[wp-content/plugins/js_composer/assets/vc/info.png]
[wp-content/plugins/js_composer/assets/vc/tick.png]
[wp-content/plugins/js_composer/assets/vc/exclamation.png]
[wp-content/plugins/js_composer/assets/images/icons/address-book.png]
[wp-content/plugins/js_composer/assets/images/icons/alarm-clock.png]
[wp-content/plugins/js_composer/assets/images/icons/anchor.png]
[wp-content/plugins/js_composer/assets/images/icons/application-image.png]
[wp-content/plugins/js_composer/assets/images/icons/arrow.png]
[wp-content/plugins/js_composer/assets/images/icons/asterisk.png]
[wp-content/plugins/js_composer/assets/images/icons/auction-hammer.png]
[wp-content/plugins/js_composer/assets/images/icons/balloon.png]
[wp-content/plugins/js_composer/assets/images/icons/balloon-buzz.png]
[wp-content/plugins/js_composer/assets/images/icons/balloon-facebook.png]
[wp-content/plugins/js_composer/assets/images/icons/balloon-twitter.png]
[wp-content/plugins/js_composer/assets/images/icons/battery-full.png]
[wp-content/plugins/js_composer/assets/images/icons/binocular.png]
[wp-content/plugins/js_composer/assets/images/icons/blue-document-excel.png]
[wp-content/plugins/js_composer/assets/images/icons/blue-document-image.png]
[wp-content/plugins/js_composer/assets/images/icons/blue-document-music.png]
[wp-content/plugins/js_composer/assets/images/icons/blue-document-office.png]
[wp-content/plugins/js_composer/assets/images/icons/blue-document-pdf.png]
[wp-content/plugins/js_composer/assets/images/icons/blue-document-powerpoint.png]
[wp-content/plugins/js_composer/assets/images/icons/blue-document-word.png]
[wp-content/plugins/js_composer/assets/images/icons/bookmark.png]
[wp-content/plugins/js_composer/assets/images/icons/camcorder.png]
[wp-content/plugins/js_composer/assets/images/icons/camera.png]
[wp-content/plugins/js_composer/assets/images/icons/chart.png]
[wp-content/plugins/js_composer/assets/images/icons/chart-pie.png]
[wp-content/plugins/js_composer/assets/images/icons/clock.png]
[wp-content/plugins/js_composer/assets/images/icons/control.png]
[wp-content/plugins/js_composer/assets/images/icons/fire.png]
[wp-content/plugins/js_composer/assets/images/icons/heart.png]
[wp-content/plugins/js_composer/assets/images/icons/mail.png]
[wp-content/plugins/js_composer/assets/images/icons/plus-shield.png]
[wp-content/plugins/js_composer/assets/images/icons/video.png]
[wp-content/plugins/js_composer/assets/fonts/vc_icons_v2/fonts/vcpb-plugin-iconsb82a.eot]
[wp-content/plugins/js_composer/assets/fonts/vc_icons_v2/fonts/vcpb-plugin-iconsb82a.ttf]
[wp-content/plugins/js_composer/assets/fonts/vc_icons_v2/fonts/vcpb-plugin-iconsb82a.woff]
[wp-content/plugins/js_composer/assets/images/toggle_open.png]
[wp-content/plugins/js_composer/assets/images/toggle_close.png]
[wp-content/plugins/js_composer/assets/images/flickr.png]
[wp-content/plugins/js_composer/assets/fonts/vc_grid/vc_grid_v157a1.eot]
[wp-content/plugins/js_composer/assets/fonts/vc_grid/vc_grid_v1d41d.eot]
[wp-content/plugins/js_composer/assets/fonts/vc_grid/vc_grid_v157a1.woff]
[wp-content/plugins/js_composer/assets/fonts/vc_grid/vc_grid_v157a1.ttf]
[wp-content/plugins/js_composer/assets/images/spinner.gif]
[wp-content/plugins/js_composer/assets/vc/remove.png]
[wp-content/plugins/js_composer/assets/css/js_composer.min8e94.css]
[wp-content/plugins/js_composer/assets/lib/bower/animate-css/animate.min8e94.css]
[wp-json/wp/v2/pages/2167]
[js/plusone.js]
[js/pinit.js]
[wp-content/plugins/js_composer/assets/js/dist/js_composer_front.min8e94.js]
[wp-content/plugins/js_composer/assets/lib/vc_waypoints/vc-waypoints.min8e94.js]
[index01a6.html]
[portfolio/index.html]
[wp-content/themes/kalium/assets/vendors/fluidbox/css/fluidbox.minf66a.css]
[index3e7c.html]
[wp-content/themes/kalium/assets/vendors/nivo-lightbox/nivo-lightbox.minf66a.css]
[wp-content/themes/kalium/assets/vendors/nivo-lightbox/themes/default/loading.gif]
[wp-content/themes/kalium/assets/vendors/nivo-lightbox/themes/default/prev.png]
[wp-content/themes/kalium/assets/vendors/nivo-lightbox/themes/default/next.png]
[wp-content/themes/kalium/assets/vendors/nivo-lightbox/themes/default/close.png]
[wp-content/themes/kalium/assets/vendors/nivo-lightbox/themes/default/loading@2x.gif]
[wp-content/themes/kalium/assets/vendors/nivo-lightbox/themes/default/prev@2x.png]
[wp-content/themes/kalium/assets/vendors/nivo-lightbox/themes/default/next@2x.png]
[wp-content/themes/kalium/assets/vendors/nivo-lightbox/themes/default/close@2x.png]
[wp-content/themes/kalium/assets/vendors/nivo-lightbox/themes/default/defaultf66a.css]
[wp-content/themes/kalium/assets/vendors/jquery-libs/jquery.ba-throttle-debouncef66a.js]
[wp-content/themes/kalium/assets/vendors/fluidbox/jquery.fluidbox.minf66a.js]
[wp-includes/js/comment-reply.minc8d8.js]
[wp-content/themes/kalium/assets/vendors/nivo-lightbox/nivo-lightbox.minf66a.js]
[indexc060.html]
[indexadf1.html]
[indexf400.html]
[indexab3c.html]
[index634e.html]
[index08ab.html]
[index51ca.html]
[index383a.html]
[index3097.html]
[wp-content/themes/kalium/assets/vendors/font-awesome/webfonts/fa-brands-400.svg]
[wp-content/themes/kalium/assets/vendors/font-awesome/webfonts/fa-regular-400.svg]
[wp-content/themes/kalium/assets/vendors/font-awesome/webfonts/fa-solid-900d41d.eot]
[wp-content/themes/kalium/assets/vendors/font-awesome/webfonts/fa-solid-900.svg]
[wp-content/plugins/revslider/public/assets/fonts/revicons/revicons90c6.svg]
[dummy.html]
[origin=https_/index.html]
[wp-content/plugins/js_composer/assets/fonts/vc_icons_v2/fonts/vcpb-plugin-iconsb82a.svg]
[wp-content/plugins/js_composer/assets/vc/blur.svg]
[wp-content/plugins/js_composer/assets/fonts/vc_grid/vc_grid_v157a1.svg]
[indexfc21.html]
[wp-content/plugins/revslider/public/assets/css/closedhand.cur]
[wp-content/plugins/js_composer/assets/vc/alert.png]
[about-me/feed/index.html]
[wp-content/plugins/revslider/public/assets/fonts/revicons/revicons90c6.woff]
